  4010C0     256F Code                EXPPARSER_TEXT
  403630       23 Code                IEXE32_TEXT
  403654       4F Code                INIT_TEXT
  404000      2A1 Initialized Data    EXPPARSER_CONST
  4042A4      158 Initialized Data    EXPPARSER_DATA
  4043FC       44 Initialized Data    IEXE32_DATA
  404440        0 Initialized Data    __CPPINI_CONS
  404440       1C Initialized Data    __CPPINI_CONST
  40445C        4 Initialized Data    __CPPINI_END
  404460        0 Initialized Data    __INIVMT_CONS
  404460        8 Initialized Data    __INIVMT_CONST
  404468        0 Initialized Data    __INIVMT_CONST_END
  404470        C Un-initialized Data EXPPARSER_BSS
  405000        8 __T_L_S__DAT
  405008        0 __T_L_S__DATA_END
  405010        0 __T_L_S__BS
  405010        0 __T_L_S__BSS_END

  401218 _main
  40123C BUILDPROTOTYPE@F9EXPPARSERsbsbllll
  4014A8 ISTOKENPREAMBLE@F9EXPPARSERsb
  40154C GETTOKEN@F9EXPPARSER
  402554 PARSE@F9EXPPARSERRsb15TYPE_TYPESQUEUE
  403198 DESTRUCT@F9EXPPARSER
  4031CC CONSTRUCT@F9EXPPARSER
  4031EC TESTWINDOW@F
  4042A4 TYPE$TYPE_TOKENSQUEUE
  4042D0 TCB$TYPE_TOKENSQUEUE
  404398 TYPE$EXPPARSER
  4043F0 VMT$EXPPARSER
  404460 VMTP$EXPPARSER
  404470 $TYPE_TOKENSQUEUE
  406000 __import_section_start
  4066A8 __import_section_end

Imports
ClaRUN.dll:Cla$ACCEPTED 40611C,401000
ClaRUN.dll:Cla$ADDqueue 406120
ClaRUN.dll:Cla$AssignRefUfo 406124
ClaRUN.dll:Cla$CLEAR 406128
ClaRUN.dll:Cla$CLEARqueue 40612C
ClaRUN.dll:Cla$clearstr 406130
ClaRUN.dll:Cla$CLIPBOARD 406134,401008
ClaRUN.dll:Cla$CLOSEwindow 406138,401010
ClaRUN.dll:Cla$code 40613C
ClaRUN.dll:Cla$COMMAND 406140,401018
ClaRUN.dll:Cla$comparestr 406144
ClaRUN.dll:Cla$DecMul 406148
ClaRUN.dll:Cla$DISPLAY 40614C,401020
ClaRUN.dll:Cla$DPopLong 406150
ClaRUN.dll:Cla$DPushConstant 406154
ClaRUN.dll:Cla$DStack2Stack 406158
ClaRUN.dll:Cla$EndEventLoop 40615C
ClaRUN.dll:Cla$FREEqueue 406160
ClaRUN.dll:Cla$FREEqueuea 406164,401028
ClaRUN.dll:Cla$freestr 406168
ClaRUN.dll:Cla$FreeUfo 40616C
ClaRUN.dll:Cla$freewindow 406170
ClaRUN.dll:Cla$GetPropS 406174
ClaRUN.dll:Cla$GETqueueptr 406178
ClaRUN.dll:Cla$MessageBox 40617C,401030
ClaRUN.dll:Cla$OPENwindow 406180,401038
ClaRUN.dll:Cla$PopString 406184
ClaRUN.dll:Cla$PopTemp 406188
ClaRUN.dll:Cla$POST 40618C,401040
ClaRUN.dll:Cla$PushLong 406190
ClaRUN.dll:Cla$PushNull 406194
ClaRUN.dll:Cla$PushString 406198
ClaRUN.dll:Cla$PushUfo 40619C
ClaRUN.dll:Cla$pwopen 4061A0,401048
ClaRUN.dll:Cla$RECORDSqueue 4061A4,401050
ClaRUN.dll:Cla$RUN 4061A8,401058
ClaRUN.dll:Cla$SetPropS 4061AC
ClaRUN.dll:Cla$Stack2DStack 4061B0
ClaRUN.dll:Cla$Stack2Ufo 4061B4
ClaRUN.dll:Cla$StackALL 4061B8,401060
ClaRUN.dll:Cla$StackCLIP 4061BC,401068
ClaRUN.dll:Cla$StackCompareN 4061C0
ClaRUN.dll:Cla$StackConcat 4061C4
ClaRUN.dll:Cla$StackConcatR 4061C8
ClaRUN.dll:Cla$StackHeap 4061CC
ClaRUN.dll:Cla$StackINSTRING 4061D0,401070
ClaRUN.dll:Cla$StackLEFT 4061D4,401078
ClaRUN.dll:Cla$StackLen 4061D8,401080
ClaRUN.dll:Cla$StackRotate 4061DC
ClaRUN.dll:Cla$StackSUB 4061E0,401088
ClaRUN.dll:Cla$StartEventLoop 4061E4
ClaRUN.dll:Cla$storestr 4061E8
ClaRUN.dll:_exit 4061EC,401090
ClaRUN.dll:_free 4061F0
ClaRUN.dll:_malloc 4061F4
ClaRUN.dll:__a_chkstk 4061F8,401098
ClaRUN.dll:__e_index 4061FC,4010A0
ClaRUN.dll:__e_stack 406200,4010A8
ClaRUN.dll:__sysinit 406204,4010B0
ClaRUN.dll:__sysstart 406208,4010B8



Entry Point:   403630