  4010A8     1F9A Code                EXPPARSER_TEXT
  403044       23 Code                IEXE32_TEXT
  403068       4F Code                INIT_TEXT
  404000      206 Initialized Data    EXPPARSER_CONST
  404208      114 Initialized Data    EXPPARSER_DATA
  40431C       44 Initialized Data    IEXE32_DATA
  404360        0 Initialized Data    __CPPINI_CONS
  404360       1C Initialized Data    __CPPINI_CONST
  40437C        4 Initialized Data    __CPPINI_END
  404380        0 Initialized Data    __INIVMT_CONS
  404380        8 Initialized Data    __INIVMT_CONST
  404388        0 Initialized Data    __INIVMT_CONST_END
  404390        C Un-initialized Data EXPPARSER_BSS
  405000        8 __T_L_S__DAT
  405008        0 __T_L_S__DATA_END
  405010        0 __T_L_S__BS
  405010        0 __T_L_S__BSS_END

  4010A8 _main
  4010CC BUILDPROTOTYPE@F9EXPPARSERsbsbllll
  401338 ISTOKENPREAMBLE@F9EXPPARSERsb
  4013DC GETTOKEN@F9EXPPARSER
  402210 PARSE@F9EXPPARSERRsb15TYPE_TYPESQUEUE
  402D1C DESTRUCT@F9EXPPARSER
  402D50 CONSTRUCT@F9EXPPARSER
  402D70 TESTWINDOW@F
  404208 TYPE$TYPE_TOKENSQUEUE
  404234 TCB$TYPE_TOKENSQUEUE
  4042D0 TYPE$EXPPARSER
  404310 VMT$EXPPARSER
  404380 VMTP$EXPPARSER
  404390 $TYPE_TOKENSQUEUE
  406000 __import_section_start
  406568 __import_section_end

Imports
ClaRUN.dll:Cla$ADDqueue 4060F0
ClaRUN.dll:Cla$AssignRefUfo 4060F4
ClaRUN.dll:Cla$CLEAR 4060F8
ClaRUN.dll:Cla$clearstr 4060FC
ClaRUN.dll:Cla$CLIPBOARD 406100,401000
ClaRUN.dll:Cla$CLOSEwindow 406104,401008
ClaRUN.dll:Cla$code 406108
ClaRUN.dll:Cla$comparestr 40610C
ClaRUN.dll:Cla$DISPLAY 406110,401010
ClaRUN.dll:Cla$DPopLong 406114
ClaRUN.dll:Cla$EndEventLoop 406118
ClaRUN.dll:Cla$EVENT 40611C,401018
ClaRUN.dll:Cla$FIELD 406120,401020
ClaRUN.dll:Cla$FREEqueue 406124
ClaRUN.dll:Cla$FREEqueuea 406128,401028
ClaRUN.dll:Cla$freestr 40612C
ClaRUN.dll:Cla$FreeUfo 406130
ClaRUN.dll:Cla$freewindow 406134
ClaRUN.dll:Cla$MessageBox 406138,401030
ClaRUN.dll:Cla$OPENwindow 40613C,401038
ClaRUN.dll:Cla$PopString 406140
ClaRUN.dll:Cla$PopTemp 406144
ClaRUN.dll:Cla$POST 406148,401040
ClaRUN.dll:Cla$PushLong 40614C
ClaRUN.dll:Cla$PushNull 406150
ClaRUN.dll:Cla$PushString 406154
ClaRUN.dll:Cla$PushUfo 406158
ClaRUN.dll:Cla$pwopen 40615C,401048
ClaRUN.dll:Cla$Stack2DStack 406160
ClaRUN.dll:Cla$Stack2Ufo 406164
ClaRUN.dll:Cla$StackALL 406168,401050
ClaRUN.dll:Cla$StackCLIP 40616C,401058
ClaRUN.dll:Cla$StackCompareN 406170
ClaRUN.dll:Cla$StackConcat 406174
ClaRUN.dll:Cla$StackConcatR 406178
ClaRUN.dll:Cla$StackHeap 40617C
ClaRUN.dll:Cla$StackINSTRING 406180,401060
ClaRUN.dll:Cla$StackLen 406184,401068
ClaRUN.dll:Cla$StackSUB 406188,401070
ClaRUN.dll:Cla$StartEventLoop 40618C
ClaRUN.dll:Cla$storestr 406190
ClaRUN.dll:_exit 406194,401078
ClaRUN.dll:_free 406198
ClaRUN.dll:_malloc 40619C
ClaRUN.dll:__a_chkstk 4061A0,401080
ClaRUN.dll:__e_index 4061A4,401088
ClaRUN.dll:__e_stack 4061A8,401090
ClaRUN.dll:__sysinit 4061AC,401098
ClaRUN.dll:__sysstart 4061B0,4010A0



Entry Point:   403044